C51 COMPILER V7.06   IR                                                                    06/23/2015 12:31:48 PAGE 1   


C51 COMPILER V7.06, COMPILATION OF MODULE IR
OBJECT MODULE PLACED IN .\OBJ\ir.obj
COMPILER INVOKED BY: D:\Keil\C51\BIN\C51.EXE ir.c LARGE BROWSE DEBUG OBJECTEXTEND PRINT(.\LIST\ir.lst) OBJECT(.\OBJ\ir.o
                    -bj)

stmt level    source

   1          /*-----------------------------------------------
   2            名称：遥控器红外解码
   3          ------------------------------------------------*/
   4          #include<reg52.h>
   5          
   6          sbit IR=P3^2;  //红外接口标志
   7          
   8          /*------------------------------------------------
   9                          全局变量声明
  10          ------------------------------------------------*/
  11          bit isIrOk = 0;//红外码值处理完成标志
  12          unsigned char  irTime;//2个下降沿之间的时间
  13          unsigned char command=0x00;//数据码
  14          
  15          /*------------------------------------------------
  16                            定时器0中断处理
  17          ------------------------------------------------*/
  18          
  19          void T0_isr (void) interrupt 1 using 1
  20          {
  21   1              irTime++;  //用于计数2个下降沿之间的时间
  22   1      }
  23          
  24          /*------------------------------------------------
  25                            外部中断0中断处理
  26          ------------------------------------------------*/
  27          void EX0_isr (void) interrupt 0 //外部中断0服务函数
  28          {
  29   1              static unsigned char i=0;                                               //红外信号脉冲序列索引
  30   1              static unsigned char irdata[32];                        //用于存储每个电平的持续时间，8bits的address+8bits的~address+8bits的co
             -mmand+8bits的~command=32bits
  31   1      
  32   1              //检测红外信号，引导码 TC9012的头码，9ms+4.5ms=13.5ms,16M晶振为13.5/192*1000=70
  33   1              if(irTime<80&&irTime>40){
  34   2                      i=0;//索引归零
  35   2              }else{
  36   2                      irdata[i]=irTime;//存储每个电平的持续时间，用于以后判断是0还是1
  37   2                      i++;
  38   2                      //判断红外信号是否接收完毕，如果接收完毕，处理码值
  39   2                      if(i==32){
  40   3                              //提取数据码
  41   3                              command = 0x00;
  42   3                              for(i=16;i<24;i++){
  43   4                                      //大于某值为1，和晶振有绝对关系，这里使用16M计算，此值可以有一定误差
  44   4                                      if(irdata[i]>9){
  45   5                                              command|=0x80;
  46   5                                      }
  47   4                                      command=i<23?command>>1:command;
  48   4                              }
  49   3                              isIrOk=1;//红外码值处理完成标志
  50   3                      }
  51   2              }
  52   1      
  53   1              irTime=0;//计时归零
C51 COMPILER V7.06   IR                                                                    06/23/2015 12:31:48 PAGE 2   

  54   1      
  55   1      }
  56          
  57          /*------------------------------------------------
  58                          定时器0初始化
  59          ------------------------------------------------*/
  60          void T0_init(void)//定时器0初始化
  61          {
  62   1        TMOD=0x02;//定时器0工作方式2，8位，256usTH0是重装值，TL0是初值
  63   1        TH0=0x00; //重载值
  64   1        TL0=0x00; //初始化值
  65   1        ET0=1;    //开中断
  66   1        TR0=1;    
  67   1      }
  68          /*------------------------------------------------
  69                            外部中断0初始化
  70          ------------------------------------------------*/
  71          void EX0_init(void)
  72          {
  73   1       IT0 = 1;   //指定外部中断0下降沿触发，INT0 (P3.2)
  74   1       EX0 = 1;   //使能外部中断
  75   1       EA = 1;    //开总中断
  76   1      }
  77          /*------------------------------------------------
  78                            IR初始化
  79          ------------------------------------------------*/
  80          void IR_init(){
  81   1              EX0_init();
  82   1              T0_init();
  83   1      }
  84          
  85          /*------------------------------------------------
  86                              键值扫描(只取数据码)
  87          ------------------------------------------------*/
  88          unsigned char scanIr(){
  89   1              if(isIrOk){
  90   2                      isIrOk = 0;//清除红外键值码处理完成标志
  91   2                      return(command);
  92   2              }
  93   1              return(0);
  94   1      }
  95            


MODULE INFORMATION:   STATIC OVERLAYABLE
   CODE SIZE        =    213    ----
   CONSTANT SIZE    =   ----    ----
   XDATA SIZE       =     35    ----
   PDATA SIZE       =   ----    ----
   DATA SIZE        =   ----    ----
   IDATA SIZE       =   ----    ----
   BIT SIZE         =      1    ----
END OF MODULE INFORMATION.


C51 COMPILATION COMPLETE.  0 WARNING(S),  0 ERROR(S)
